
> backend@1.0.0 test
> jest --runInBand

::ffff:127.0.0.1 - - [20/Sep/2025:16:08:27 +0000] "POST /api/auth/register HTTP/1.1" 201 366 "-" "-"
::ffff:127.0.0.1 - - [20/Sep/2025:16:08:27 +0000] "POST /api/sweets HTTP/1.1" 201 374 "-" "-"
::ffff:127.0.0.1 - - [20/Sep/2025:16:08:27 +0000] "POST /api/inventory/log HTTP/1.1" 201 279 "-" "-"
::ffff:127.0.0.1 - - [20/Sep/2025:16:08:27 +0000] "GET /api/sweets/cmfsgqhfl0002tkg8hjxzrzay HTTP/1.1" 200 561 "-" "-"
::ffff:127.0.0.1 - - [20/Sep/2025:16:08:28 +0000] "POST /api/auth/register HTTP/1.1" 201 366 "-" "-"
::ffff:127.0.0.1 - - [20/Sep/2025:16:08:28 +0000] "POST /api/sweets HTTP/1.1" 201 374 "-" "-"
::ffff:127.0.0.1 - - [20/Sep/2025:16:08:28 +0000] "POST /api/inventory/log HTTP/1.1" 201 279 "-" "-"
::ffff:127.0.0.1 - - [20/Sep/2025:16:08:28 +0000] "GET /api/sweets/cmfsgqhs30007tkg82j42gpyq HTTP/1.1" 200 561 "-" "-"
::ffff:127.0.0.1 - - [20/Sep/2025:16:08:28 +0000] "POST /api/auth/register HTTP/1.1" 201 366 "-" "-"
::ffff:127.0.0.1 - - [20/Sep/2025:16:08:28 +0000] "POST /api/sweets HTTP/1.1" 201 374 "-" "-"
::ffff:127.0.0.1 - - [20/Sep/2025:16:08:28 +0000] "POST /api/inventory/log HTTP/1.1" 400 63 "-" "-"
::ffff:127.0.0.1 - - [20/Sep/2025:16:08:28 +0000] "POST /api/auth/register HTTP/1.1" 201 366 "-" "-"
::ffff:127.0.0.1 - - [20/Sep/2025:16:08:28 +0000] "POST /api/sweets HTTP/1.1" 201 374 "-" "-"
::ffff:127.0.0.1 - - [20/Sep/2025:16:08:28 +0000] "POST /api/inventory/log HTTP/1.1" 401 35 "-" "-"
::ffff:127.0.0.1 - - [20/Sep/2025:16:08:29 +0000] "POST /api/auth/register HTTP/1.1" 201 366 "-" "-"
::ffff:127.0.0.1 - - [20/Sep/2025:16:08:29 +0000] "POST /api/sweets HTTP/1.1" 201 374 "-" "-"
::ffff:127.0.0.1 - - [20/Sep/2025:16:08:29 +0000] "POST /api/inventory/log HTTP/1.1" 400 65 "-" "-"
::ffff:127.0.0.1 - - [20/Sep/2025:16:08:29 +0000] "POST /api/auth/register HTTP/1.1" 201 366 "-" "-"
::ffff:127.0.0.1 - - [20/Sep/2025:16:08:29 +0000] "POST /api/sweets HTTP/1.1" 201 374 "-" "-"
::ffff:127.0.0.1 - - [20/Sep/2025:16:08:29 +0000] "POST /api/inventory/log HTTP/1.1" 201 278 "-" "-"
::ffff:127.0.0.1 - - [20/Sep/2025:16:08:29 +0000] "POST /api/inventory/log HTTP/1.1" 201 271 "-" "-"
::ffff:127.0.0.1 - - [20/Sep/2025:16:08:29 +0000] "POST /api/inventory/log HTTP/1.1" 201 271 "-" "-"
::ffff:127.0.0.1 - - [20/Sep/2025:16:08:29 +0000] "POST /api/inventory/log HTTP/1.1" 201 275 "-" "-"
::ffff:127.0.0.1 - - [20/Sep/2025:16:08:29 +0000] "GET /api/inventory/logs HTTP/1.1" 200 1129 "-" "-"
::ffff:127.0.0.1 - - [20/Sep/2025:16:08:30 +0000] "POST /api/auth/register HTTP/1.1" 201 366 "-" "-"
::ffff:127.0.0.1 - - [20/Sep/2025:16:08:30 +0000] "POST /api/sweets HTTP/1.1" 201 374 "-" "-"
::ffff:127.0.0.1 - - [20/Sep/2025:16:08:30 +0000] "POST /api/inventory/log HTTP/1.1" 201 278 "-" "-"
::ffff:127.0.0.1 - - [20/Sep/2025:16:08:30 +0000] "POST /api/inventory/log HTTP/1.1" 201 271 "-" "-"
::ffff:127.0.0.1 - - [20/Sep/2025:16:08:30 +0000] "POST /api/inventory/log HTTP/1.1" 201 271 "-" "-"
::ffff:127.0.0.1 - - [20/Sep/2025:16:08:30 +0000] "POST /api/inventory/log HTTP/1.1" 201 275 "-" "-"
::ffff:127.0.0.1 - - [20/Sep/2025:16:08:30 +0000] "GET /api/inventory/logs?sweetId=cmfsgqji3000wtkg8an4izaqs HTTP/1.1" 200 1129 "-" "-"
::ffff:127.0.0.1 - - [20/Sep/2025:16:08:30 +0000] "POST /api/auth/register HTTP/1.1" 201 366 "-" "-"
::ffff:127.0.0.1 - - [20/Sep/2025:16:08:30 +0000] "POST /api/sweets HTTP/1.1" 201 374 "-" "-"
::ffff:127.0.0.1 - - [20/Sep/2025:16:08:30 +0000] "POST /api/inventory/log HTTP/1.1" 201 278 "-" "-"
::ffff:127.0.0.1 - - [20/Sep/2025:16:08:30 +0000] "POST /api/inventory/log HTTP/1.1" 201 271 "-" "-"
::ffff:127.0.0.1 - - [20/Sep/2025:16:08:30 +0000] "POST /api/inventory/log HTTP/1.1" 201 271 "-" "-"
::ffff:127.0.0.1 - - [20/Sep/2025:16:08:30 +0000] "POST /api/inventory/log HTTP/1.1" 201 275 "-" "-"
::ffff:127.0.0.1 - - [20/Sep/2025:16:08:30 +0000] "GET /api/inventory/logs?type=SALE HTTP/1.1" 200 610 "-" "-"
::ffff:127.0.0.1 - - [20/Sep/2025:16:08:31 +0000] "POST /api/auth/register HTTP/1.1" 201 366 "-" "-"
::ffff:127.0.0.1 - - [20/Sep/2025:16:08:31 +0000] "POST /api/sweets HTTP/1.1" 201 374 "-" "-"
::ffff:127.0.0.1 - - [20/Sep/2025:16:08:31 +0000] "POST /api/sweets HTTP/1.1" 201 380 "-" "-"
::ffff:127.0.0.1 - - [20/Sep/2025:16:08:31 +0000] "POST /api/inventory/log HTTP/1.1" 201 279 "-" "-"
::ffff:127.0.0.1 - - [20/Sep/2025:16:08:31 +0000] "GET /api/inventory/report HTTP/1.1" 200 615 "-" "-"
::ffff:127.0.0.1 - - [20/Sep/2025:16:08:31 +0000] "POST /api/auth/register HTTP/1.1" 201 366 "-" "-"
::ffff:127.0.0.1 - - [20/Sep/2025:16:08:31 +0000] "POST /api/sweets HTTP/1.1" 201 374 "-" "-"
::ffff:127.0.0.1 - - [20/Sep/2025:16:08:31 +0000] "POST /api/sweets HTTP/1.1" 201 380 "-" "-"
::ffff:127.0.0.1 - - [20/Sep/2025:16:08:31 +0000] "POST /api/inventory/log HTTP/1.1" 201 279 "-" "-"
::ffff:127.0.0.1 - - [20/Sep/2025:16:08:31 +0000] "GET /api/inventory/report?lowStockThreshold=10 HTTP/1.1" 200 615 "-" "-"
::ffff:127.0.0.1 - - [20/Sep/2025:16:08:31 +0000] "POST /api/auth/register HTTP/1.1" 201 366 "-" "-"
::ffff:127.0.0.1 - - [20/Sep/2025:16:08:31 +0000] "POST /api/sweets HTTP/1.1" 201 374 "-" "-"
::ffff:127.0.0.1 - - [20/Sep/2025:16:08:31 +0000] "POST /api/inventory/log HTTP/1.1" 201 272 "-" "-"
::ffff:127.0.0.1 - - [20/Sep/2025:16:08:31 +0000] "GET /api/inventory/alerts?threshold=10 HTTP/1.1" 200 184 "-" "-"
::ffff:127.0.0.1 - - [20/Sep/2025:16:08:32 +0000] "POST /api/auth/register HTTP/1.1" 201 362 "-" "-"
::ffff:127.0.0.1 - - [20/Sep/2025:16:08:32 +0000] "POST /api/sweets HTTP/1.1" 201 432 "-" "-"
::ffff:127.0.0.1 - - [20/Sep/2025:16:08:33 +0000] "POST /api/auth/register HTTP/1.1" 201 362 "-" "-"
::ffff:127.0.0.1 - - [20/Sep/2025:16:08:33 +0000] "POST /api/sweets HTTP/1.1" 401 35 "-" "-"
::ffff:127.0.0.1 - - [20/Sep/2025:16:08:33 +0000] "POST /api/auth/register HTTP/1.1" 201 362 "-" "-"
::ffff:127.0.0.1 - - [20/Sep/2025:16:08:33 +0000] "POST /api/sweets HTTP/1.1" 400 108 "-" "-"
::ffff:127.0.0.1 - - [20/Sep/2025:16:08:33 +0000] "POST /api/auth/register HTTP/1.1" 201 362 "-" "-"
::ffff:127.0.0.1 - - [20/Sep/2025:16:08:33 +0000] "POST /api/sweets HTTP/1.1" 201 369 "-" "-"
::ffff:127.0.0.1 - - [20/Sep/2025:16:08:34 +0000] "POST /api/auth/register HTTP/1.1" 201 362 "-" "-"
::ffff:127.0.0.1 - - [20/Sep/2025:16:08:34 +0000] "POST /api/sweets HTTP/1.1" 201 373 "-" "-"
::ffff:127.0.0.1 - - [20/Sep/2025:16:08:34 +0000] "POST /api/sweets HTTP/1.1" 201 376 "-" "-"
::ffff:127.0.0.1 - - [20/Sep/2025:16:08:34 +0000] "POST /api/sweets HTTP/1.1" 201 373 "-" "-"
::ffff:127.0.0.1 - - [20/Sep/2025:16:08:34 +0000] "GET /api/sweets HTTP/1.1" 200 1229 "-" "-"
::ffff:127.0.0.1 - - [20/Sep/2025:16:08:34 +0000] "POST /api/auth/register HTTP/1.1" 201 362 "-" "-"
::ffff:127.0.0.1 - - [20/Sep/2025:16:08:34 +0000] "POST /api/sweets HTTP/1.1" 201 373 "-" "-"
::ffff:127.0.0.1 - - [20/Sep/2025:16:08:34 +0000] "POST /api/sweets HTTP/1.1" 201 376 "-" "-"
::ffff:127.0.0.1 - - [20/Sep/2025:16:08:34 +0000] "POST /api/sweets HTTP/1.1" 201 373 "-" "-"
::ffff:127.0.0.1 - - [20/Sep/2025:16:08:34 +0000] "GET /api/sweets?category=Cakes HTTP/1.1" 200 478 "-" "-"
::ffff:127.0.0.1 - - [20/Sep/2025:16:08:35 +0000] "POST /api/auth/register HTTP/1.1" 201 362 "-" "-"
::ffff:127.0.0.1 - - [20/Sep/2025:16:08:35 +0000] "POST /api/sweets HTTP/1.1" 201 373 "-" "-"
::ffff:127.0.0.1 - - [20/Sep/2025:16:08:35 +0000] "POST /api/sweets HTTP/1.1" 201 376 "-" "-"
::ffff:127.0.0.1 - - [20/Sep/2025:16:08:35 +0000] "POST /api/sweets HTTP/1.1" 201 373 "-" "-"
::ffff:127.0.0.1 - - [20/Sep/2025:16:08:35 +0000] "GET /api/sweets?search=Chocolate HTTP/1.1" 200 478 "-" "-"
::ffff:127.0.0.1 - - [20/Sep/2025:16:08:35 +0000] "POST /api/auth/register HTTP/1.1" 201 362 "-" "-"
::ffff:127.0.0.1 - - [20/Sep/2025:16:08:35 +0000] "POST /api/sweets HTTP/1.1" 201 373 "-" "-"
::ffff:127.0.0.1 - - [20/Sep/2025:16:08:35 +0000] "POST /api/sweets HTTP/1.1" 201 376 "-" "-"
::ffff:127.0.0.1 - - [20/Sep/2025:16:08:35 +0000] "POST /api/sweets HTTP/1.1" 201 373 "-" "-"
::ffff:127.0.0.1 - - [20/Sep/2025:16:08:35 +0000] "GET /api/sweets?page=1&limit=2 HTTP/1.1" 200 853 "-" "-"
::ffff:127.0.0.1 - - [20/Sep/2025:16:08:36 +0000] "POST /api/auth/register HTTP/1.1" 201 362 "-" "-"
::ffff:127.0.0.1 - - [20/Sep/2025:16:08:36 +0000] "POST /api/sweets HTTP/1.1" 201 367 "-" "-"
::ffff:127.0.0.1 - - [20/Sep/2025:16:08:36 +0000] "GET /api/sweets/cmfsgqo1r0031tkg8gpm1xf9a HTTP/1.1" 200 386 "-" "-"
::ffff:127.0.0.1 - - [20/Sep/2025:16:08:36 +0000] "POST /api/auth/register HTTP/1.1" 201 362 "-" "-"
::ffff:127.0.0.1 - - [20/Sep/2025:16:08:36 +0000] "POST /api/sweets HTTP/1.1" 201 367 "-" "-"
::ffff:127.0.0.1 - - [20/Sep/2025:16:08:36 +0000] "GET /api/sweets/non-existent-id HTTP/1.1" 404 29 "-" "-"
::ffff:127.0.0.1 - - [20/Sep/2025:16:08:36 +0000] "POST /api/auth/register HTTP/1.1" 201 362 "-" "-"
::ffff:127.0.0.1 - - [20/Sep/2025:16:08:36 +0000] "POST /api/sweets HTTP/1.1" 201 371 "-" "-"
::ffff:127.0.0.1 - - [20/Sep/2025:16:08:36 +0000] "PUT /api/sweets/cmfsgqon70037tkg8kk2hl7ky HTTP/1.1" 200 387 "-" "-"
::ffff:127.0.0.1 - - [20/Sep/2025:16:08:37 +0000] "POST /api/auth/register HTTP/1.1" 201 362 "-" "-"
::ffff:127.0.0.1 - - [20/Sep/2025:16:08:37 +0000] "POST /api/sweets HTTP/1.1" 201 371 "-" "-"
::ffff:127.0.0.1 - - [20/Sep/2025:16:08:37 +0000] "PUT /api/sweets/cmfsgqoxp003atkg8km4jqfxa HTTP/1.1" 401 35 "-" "-"
::ffff:127.0.0.1 - - [20/Sep/2025:16:08:37 +0000] "POST /api/auth/register HTTP/1.1" 201 362 "-" "-"
::ffff:127.0.0.1 - - [20/Sep/2025:16:08:37 +0000] "POST /api/sweets HTTP/1.1" 201 372 "-" "-"
::ffff:127.0.0.1 - - [20/Sep/2025:16:08:37 +0000] "DELETE /api/sweets/cmfsgqpa2003dtkg89xddrvvu HTTP/1.1" 200 73 "-" "-"
::ffff:127.0.0.1 - - [20/Sep/2025:16:08:37 +0000] "GET /api/sweets/cmfsgqpa2003dtkg89xddrvvu HTTP/1.1" 200 392 "-" "-"
::ffff:127.0.0.1 - - [20/Sep/2025:16:08:38 +0000] "POST /api/auth/register HTTP/1.1" 201 346 "-" "-"
::ffff:127.0.0.1 - - [20/Sep/2025:16:08:38 +0000] "POST /api/auth/register HTTP/1.1" 400 50 "-" "-"
::ffff:127.0.0.1 - - [20/Sep/2025:16:08:38 +0000] "POST /api/auth/register HTTP/1.1" 400 57 "-" "-"
::ffff:127.0.0.1 - - [20/Sep/2025:16:08:39 +0000] "POST /api/auth/register HTTP/1.1" 201 346 "-" "-"
::ffff:127.0.0.1 - - [20/Sep/2025:16:08:39 +0000] "POST /api/auth/register HTTP/1.1" 409 49 "-" "-"
::ffff:127.0.0.1 - - [20/Sep/2025:16:08:39 +0000] "POST /api/auth/register HTTP/1.1" 201 346 "-" "-"
::ffff:127.0.0.1 - - [20/Sep/2025:16:08:39 +0000] "POST /api/auth/login HTTP/1.1" 200 346 "-" "-"
::ffff:127.0.0.1 - - [20/Sep/2025:16:08:40 +0000] "POST /api/auth/register HTTP/1.1" 201 346 "-" "-"
::ffff:127.0.0.1 - - [20/Sep/2025:16:08:40 +0000] "POST /api/auth/login HTTP/1.1" 401 33 "-" "-"
::ffff:127.0.0.1 - - [20/Sep/2025:16:08:40 +0000] "POST /api/auth/register HTTP/1.1" 201 346 "-" "-"
::ffff:127.0.0.1 - - [20/Sep/2025:16:08:40 +0000] "POST /api/auth/login HTTP/1.1" 401 33 "-" "-"
